[Licensing::Module] Trying to connect to existing licensing client channel...
[Licensing::IpcConnector] Successfully connected to: "LicenseClient-PC" at "2026-09-04T01:00:59.4384738Z"
[Licensing::Client] Code 10 while verifying Licensing Client signature (process Id: 20456, path: "D:/unity/Unity Hub/UnityLicensingClient_V1/Unity.Licensing.Client.exe")
[Licensing::Module] LicensingClient has failed validation; ignoring
[Licensing::Client] Handshaking with LicensingClient:
  Version:                 1.17.3+a4e98f1
  Session Id:              a98af00335a7490b97bbf43a802d5241
  Correlation Id:          f303b4595fa7c82358bd00c50fbaad37
  External correlation Id: 5765844606738112268
  Machine Id:              +iyxVVal6w/ZsJtJWKgzldceD9Y=
[Licensing::Module] Successfully connected to LicensingClient on channel: "LicenseClient-PC" (connect: 0.00s, validation: 0.02s, handshake: 0.31s)
[Licensing::IpcConnector] Successfully connected to: "LicenseClient-PC-notifications" at "2026-09-04T01:00:59.7697299Z"
[Licensing::Module] Error: Access token is unavailable; failed to update
[Licensing::Client] Successfully updated license
Built from '2022.3/china_unity/release' branch; Version is '2022.3.62f3c1 (1623fc0bbb97) revision 1451004'; Using compiler version '192829333'; Build Type 'Release'
OS: 'Windows 11  (10.0.26200) 64bit CoreCountrySpecific' Language: 'zh' Physical Memory: 14020 MB
[Licensing::Client] Successfully resolved entitlement details
[Licensing::Module] Serial number assigned to: "ewogICJzdWJzR3JvdXAiIDogInVuaXR5IGVkaXRvciIsCiAgIm5hbWVzcGFjZSIgOiAidW5pdHlfZWRpdG9yIiwKICAidHlwZSIgOiAiRURJVE9SIiwKICAidGFnIiA6ICJVbml0eVBlcnNvbmFsXXXX"
BatchMode: 1, IsHumanControllingUs: 0, StartBugReporterOnCrash: 0, Is64bit: 1, IsPro: 0
[Licensing::Client] Successfully resolved entitlement details

COMMAND LINE ARGUMENTS:
D:\unity\2022.3.62f3c1\Editor\Unity.exe
-batchmode
-quit
-projectPath
D:\prounity\mvp\mvp
-executeMethod
Mvp.EditorTools.TerrainDecorationSetup.Build
-logFile
D:\prounity\mvp\mvp\TerrainDecoration-build.log
Successfully changed project path to: D:\prounity\mvp\mvp
D:/prounity/mvp/mvp
It looks like another Unity instance is running with this project open.

Multiple Unity instances cannot open the same project.

Project: D:/prounity/mvp/mvp
Fatal Error! It looks like another Unity instance is running with this project open.

Multiple Unity instances cannot open the same project.

Project: D:/prounity/mvp/mvp
Crash!!!
SymInit: Symbol-SearchPath: 'D:/unity/2022.3.62f3c1/Editor/Data/Mono;.;D:\prounity\mvp\mvp;D:\prounity\mvp\mvp\Library\BurstCache\JIT;D:\unity\2022.3.62f3c1\Editor;C:\WINDOWS;C:\WINDOWS\system32;', symOptions: 534, UserName: 'PC'
OS-Version: 10.0.0
D:\unity\2022.3.62f3c1\Editor\Unity.exe:Unity.exe (00007FF74C4C0000), size: 96317440 (result: 0), SymType: '-deferred-', PDB: '', fileVersion: 2022.3.62.9212
C:\WINDOWS\SYSTEM32\ntdll.dll:ntdll.dll (00007FFAE3B20000), size: 2514944 (result: 0), SymType: '-deferred-', PDB: '', fileVersion: 10.0.26100.8972
C:\WINDOWS\System32\KERNEL32.DLL:KERNEL32.DLL (00007FFAE2AB0000), size: 823296 (result: 0), SymType: '-deferred-', PDB: '', fileVersion: 10.0.26100.9168
C:\WINDOWS\System32\KERNELBASE.dll:KERNELBASE.dll (00007FFAE1300000), size: 4190208 (result: 0), SymType: '-deferred-', PDB: '', fileVersion: 10.0.26100.9168
C:\WINDOWS\System32\CRYPT32.dll:CRYPT32.dll (00007FFAE1170000), size: 1564672 (result: 0), SymType: '-deferred-', PDB: '', fileVersion: 10.0.26100.8972
C:\WINDOWS\System32\ucrtbase.dll:ucrtbase.dll (00007FFAE1010000), size: 1359872 (result: 0), SymType: '-deferred-', PDB: '', fileVersion: 10.0.26100.8875
C:\WINDOWS\System32\USER32.dll:USER32.dll (00007FFAE1B50000), size: 1859584 (result: 0), SymType: '-deferred-', PDB: '', fileVersion: 10.0.26100.8972
C:\WINDOWS\System32\win32u.dll:win32u.dll (00007FFAE0D30000), size: 159744 (result: 0), SymType: '-deferred-', PDB: '', fileVersion: 10.0.26100.9168
C:\WINDOWS\System32\GDI32.dll:GDI32.dll (00007FFAE1DD0000), size: 176128 (result: 0), SymType: '-deferred-', PDB: '', fileVersion: 10.0.26100.8328
C:\WINDOWS\System32\gdi32full.dll:gdi32full.dll (00007FFAE0E20000), size: 1216512 (result: 0), SymType: '-deferred-', PDB: '', fileVersion: 10.0.26100.9168
C:\WINDOWS\System32\msvcp_win.dll:msvcp_win.dll (00007FFAE17A0000), size: 667648 (result: 0), SymType: '-deferred-', PDB: '', fileVersion: 10.0.26100.8875
C:\WINDOWS\System32\ADVAPI32.dll:ADVAPI32.dll (00007FFAE3400000), size: 770048 (result: 0), SymType: '-deferred-', PDB: '', fileVersion: 10.0.26100.9168
C:\WINDOWS\System32\msvcrt.dll:msvcrt.dll (00007FFAE1D20000), size: 692224 (result: 0), SymType: '-deferred-', PDB: '', fileVersion: 7.0.26100.8875
C:\WINDOWS\System32\sechost.dll:sechost.dll (00007FFAE2070000), size: 696320 (result: 0), SymType: '-deferred-', PDB: '', fileVersion: 10.0.26100.9168
C:\WINDOWS\System32\RPCRT4.dll:RPCRT4.dll (00007FFAE1E00000), size: 1146880 (result: 0), SymType: '-deferred-', PDB: '', fileVersion: 10.0.26100.9168
C:\WINDOWS\System32\SHELL32.dll:SHELL32.dll (00007FFAE2280000), size: 7897088 (result: 0), SymType: '-deferred-', PDB: '', fileVersion: 10.0.26100.9168
C:\WINDOWS\System32\SHLWAPI.dll:SHLWAPI.dll (00007FFAE1F20000), size: 417792 (result: 0), SymType: '-deferred-', PDB: '', fileVersion: 10.0.26100.8972
C:\WINDOWS\System32\ole32.dll:ole32.dll (00007FFAE3250000), size: 1675264 (result: 0), SymType: '-deferred-', PDB: '', fileVersion: 10.0.26100.8972
C:\WINDOWS\System32\combase.dll:combase.dll (00007FFAE36C0000), size: 3690496 (result: 0), SymType: '-deferred-', PDB: '', fileVersion: 10.0.26100.9168
C:\WINDOWS\System32\IMM32.dll:IMM32.dll (00007FFAE2C80000), size: 204800 (result: 0), SymType: '-deferred-', PDB: '', fileVersion: 10.0.26100.8521
C:\WINDOWS\System32\SETUPAPI.dll:SETUPAPI.dll (00007FFAE2DC0000), size: 4747264 (result: 0), SymType: '-deferred-', PDB: '', fileVersion: 10.0.26100.8972
C:\WINDOWS\System32\WS2_32.dll:WS2_32.dll (00007FFAE2A20000), size: 532480 (result: 0), SymType: '-deferred-', PDB: '', fileVersion: 10.0.26100.8972
C:\WINDOWS\System32\OLEAUT32.dll:OLEAUT32.dll (00007FFAE2B80000), size: 888832 (result: 0), SymType: '-deferred-', PDB: '', fileVersion: 10.0.26100.8972
C:\WINDOWS\System32\WINTRUST.dll:WINTRUST.dll (00007FFAE1710000), size: 536576 (result: 0), SymType: '-deferred-', PDB: '', fileVersion: 10.0.26100.8972
D:\unity\2022.3.62f3c1\Editor\s3tcompress.dll:s3tcompress.dll (00007FFA96480000), size: 180224 (result: 0), SymType: '-deferred-', PDB: ''
D:\unity\2022.3.62f3c1\Editor\ispc_texcomp.dll:ispc_texcomp.dll (00007FFA93990000), size: 1826816 (result: 0), SymType: '-deferred-', PDB: ''
D:\unity\2022.3.62f3c1\Editor\compress_bc7e.dll:compress_bc7e.dll (00007FFA93710000), size: 1433600 (result: 0), SymType: '-deferred-', PDB: ''
D:\unity\2022.3.62f3c1\Editor\WinPixEventRuntime.dll:WinPixEventRuntime.dll (00007FFAB52B0000), size: 45056 (result: 0), SymType: '-deferred-', PDB: '', fileVersion: 1.0.1812.6001
D:\unity\2022.3.62f3c1\Editor\libfbxsdk.dll:libfbxsdk.dll (00007FFA927D0000), size: 8019968 (result: 0), SymType: '-deferred-', PDB: '', fileVersion: 2020.3.7.0
C:\WINDOWS\SYSTEM32\OPENGL32.dll:OPENGL32.dll (00007FFAC1DE0000), size: 1097728 (result: 0), SymType: '-deferred-', PDB: '', fileVersion: 10.0.26100.8972
C:\WINDOWS\SYSTEM32\GLU32.dll:GLU32.dll (00007FFAC1950000), size: 184320 (result: 0), SymType: '-deferred-', PDB: '', fileVersion: 10.0.26100.1150
C:\WINDOWS\SYSTEM32\IPHLPAPI.DLL:IPHLPAPI.DLL (00007FFADF4F0000), size: 208896 (result: 0), SymType: '-deferred-', PDB: '', fileVersion: 10.0.26100.8972
C:\WINDOWS\SYSTEM32\WINHTTP.dll:WINHTTP.dll (00007FFAD5470000), size: 1212416 (result: 0), SymType: '-deferred-', PDB: '', fileVersion: 10.0.26100.9168
C:\WINDOWS\SYSTEM32\WINMM.dll:WINMM.dll (00007FFAD5630000), size: 221184 (result: 0), SymType: '-deferred-', PDB: '', fileVersion: 10.0.26100.8972
C:\WINDOWS\SYSTEM32\bcrypt.dll:bcrypt.dll (00007FFAE0C20000), size: 172032 (result: 0), SymType: '-deferred-', PDB: '', fileVersion: 10.0.26100.9168
C:\WINDOWS\SYSTEM32\HID.DLL:HID.DLL (00007FFADF050000), size: 61440 (result: 0), SymType: '-deferred-', PDB: '', fileVersion: 10.0.26100.1150
C:\WINDOWS\SYSTEM32\dwmapi.dll:dwmapi.dll (00007FFADDC70000), size: 192512 (result: 0), SymType: '-deferred-', PDB: '', fileVersion: 10.0.26100.8972
D:\unity\2022.3.62f3c1\Editor\etccompress.dll:etccompress.dll (00007FFA922F0000), size: 5070848 (result: 0), SymType: '-deferred-', PDB: ''
D:\unity\2022.3.62f3c1\Editor\OpenRL.dll:OpenRL.dll (0000000180000000), size: 12779520 (result: 0), SymType: '-deferred-', PDB: '', fileVersion: 1.5.0.2907
D:\unity\2022.3.62f3c1\Editor\umbraoptimizer64.dll:umbraoptimizer64.dll (00007FFA950A0000), size: 1187840 (result: 0), SymType: '-deferred-', PDB: ''
C:\WINDOWS\SYSTEM32\VERSION.dll:VERSION.dll (00007FFAD4970000), size: 45056 (result: 0), SymType: '-deferred-', PDB: '', fileVersion: 10.0.26100.1150
C:\WINDOWS\SYSTEM32\WSOCK32.dll:WSOCK32.dll (00007FFAB52A0000), size: 40960 (result: 0), SymType: '-deferred-', PDB: '', fileVersion: 10.0.26100.1
C:\WINDOWS\SYSTEM32\MSVCP140.dll:MSVCP140.dll (00007FFA9B620000), size: 557056 (result: 0), SymType: '-deferred-', PDB: '', fileVersion: 14.50.35719.0
C:\WINDOWS\SYSTEM32\VCRUNTIME140.dll:VCRUNTIME140.dll (00007FFAC48B0000), size: 122880 (result: 0), SymType: '-deferred-', PDB: '', fileVersion: 14.50.35719.0
C:\WINDOWS\SYSTEM32\VCRUNTIME140_1.dll:VCRUNTIME140_1.dll (00007FFAB51D0000), size: 45056 (result: 0), SymType: '-deferred-', PDB: '', fileVersion: 14.50.35719.0
C:\WINDOWS\SYSTEM32\MSVCP100.dll:MSVCP100.dll (0000000050510000), size: 622592 (result: 0), SymType: '-deferred-', PDB: '', fileVersion: 10.0.40219.325
C:\WINDOWS\SYSTEM32\MSVCR100.dll:MSVCR100.dll (0000000050430000), size: 860160 (result: 0), SymType: '-deferred-', PDB: '', fileVersion: 10.0.40219.325
D:\unity\2022.3.62f3c1\Editor\SketchUpAPI.dll:SketchUpAPI.dll (00007FFA76680000), size: 8990720 (result: 0), SymType: '-deferred-', PDB: '', fileVersion: 23.0.0.0
C:\WINDOWS\SYSTEM32\Secur32.dll:Secur32.dll (00007FFADD5B0000), size: 53248 (result: 0), SymType: '-deferred-', PDB: '', fileVersion: 10.0.26100.7705
C:\WINDOWS\SYSTEM32\dxcore.dll:dxcore.dll (00007FFADDAA0000), size: 282624 (result: 0), SymType: '-deferred-', PDB: '', fileVersion: 10.0.26100.8972
D:\unity\2022.3.62f3c1\Editor\SketchUpCommonPreferences.dll:SketchUpCommonPreferences.dll (00007FFA95020000), size: 499712 (result: 0), SymType: '-deferred-', PDB: '', fileVersion: 23.0.0.0
C:\WINDOWS\SYSTEM32\SSPICLI.DLL:SSPICLI.DLL (00007FFADFCD0000), size: 299008 (result: 0), SymType: '-deferred-', PDB: '', fileVersion: 10.0.26100.8972
D:\unity\2022.3.62f3c1\Editor\NativeProxyHelper.dll:NativeProxyHelper.dll (00007FFA92130000), size: 1789952 (result: 0), SymType: '-deferred-', PDB: ''
D:\unity\2022.3.62f3c1\Editor\embree.dll:embree.dll (00007FFA75690000), size: 16711680 (result: 0), SymType: '-deferred-', PDB: '', fileVersion: 2.14.0.0
D:\unity\2022.3.62f3c1\Editor\tbb.dll:tbb.dll (00007FFA93920000), size: 413696 (result: 0), SymType: '-deferred-', PDB: '', fileVersion: 2017.0.2016.1004
C:\WINDOWS\SYSTEM32\MSVCR120.dll:MSVCR120.dll (00007FFA755A0000), size: 978944 (result: 0), SymType: '-deferred-', PDB: '', fileVersion: 12.0.40664.0
C:\WINDOWS\SYSTEM32\MSVCP120.dll:MSVCP120.dll (00007FFA93870000), size: 679936 (result: 0), SymType: '-deferred-', PDB: '', fileVersion: 12.0.40664.0
D:\unity\2022.3.62f3c1\Editor\OpenRL_pthread.dll:OpenRL_pthread.dll (0000025AA4240000), size: 61440 (result: 0), SymType: '-deferred-', PDB: '', fileVersion: 2.9.0.0
D:\unity\2022.3.62f3c1\Editor\FreeImage.dll:FreeImage.dll (0000025AA4250000), size: 5783552 (result: 0), SymType: '-deferred-', PDB: '', fileVersion: 3.18.0.0
C:\WINDOWS\SYSTEM32\MSWSOCK.DLL:MSWSOCK.DLL (00007FFADFFD0000), size: 442368 (result: 0), SymType: '-deferred-', PDB: '', fileVersion: 10.0.26100.9168
C:\WINDOWS\SYSTEM32\MSASN1.dll:MSASN1.dll (00007FFAE0340000), size: 77824 (result: 0), SymType: '-deferred-', PDB: '', fileVersion: 10.0.26100.8875
C:\WINDOWS\SYSTEM32\CRYPTBASE.DLL:CRYPTBASE.DLL (00007FFAE02E0000), size: 49152 (result: 0), SymType: '-deferred-', PDB: '', fileVersion: 10.0.26100.8875
C:\WINDOWS\System32\bcryptPrimitives.dll:bcryptPrimitives.dll (00007FFAE0F50000), size: 704512 (result: 0), SymType: '-deferred-', PDB: '', fileVersion: 10.0.26100.9168
C:\WINDOWS\SYSTEM32\cfgmgr32.DLL:cfgmgr32.DLL (00007FFAE0890000), size: 335872 (result: 0), SymType: '-deferred-', PDB: '', fileVersion: 10.0.26100.8972
C:\WINDOWS\SYSTEM32\kernel.appcore.dll:kernel.appcore.dll (00007FFADFA20000), size: 110592 (result: 0), SymType: '-deferred-', PDB: '', fileVersion: 10.0.26100.8737
C:\WINDOWS\system32\uxtheme.dll:uxtheme.dll (00007FFADD9A0000), size: 688128 (result: 0), SymType: '-deferred-', PDB: '', fileVersion: 10.0.26100.8972
C:\WINDOWS\SYSTEM32\windows.storage.dll:windows.storage.dll (00007FFADE7B0000), size: 9023488 (result: 0), SymType: '-deferred-', PDB: '', fileVersion: 10.0.26100.9168
C:\WINDOWS\System32\SHCORE.dll:SHCORE.dll (00007FFAE2CC0000), size: 1019904 (result: 0), SymType: '-deferred-', PDB: '', fileVersion: 10.0.26100.9168
C:\WINDOWS\SYSTEM32\profapi.dll:profapi.dll (00007FFAE0C50000), size: 167936 (result: 0), SymType: '-deferred-', PDB: '', fileVersion: 10.0.26100.9168
C:\WINDOWS\SYSTEM32\CRYPTSP.dll:CRYPTSP.dll (00007FFAE02C0000), size: 110592 (result: 0), SymType: '-deferred-', PDB: '', fileVersion: 10.0.26100.8875
C:\WINDOWS\system32\rsaenh.dll:rsaenh.dll (00007FFADF980000), size: 233472 (result: 0), SymType: '-deferred-', PDB: '', fileVersion: 10.0.26100.7705
C:\WINDOWS\System32\imagehlp.dll:imagehlp.dll (00007FFAE1F90000), size: 131072 (result: 0), SymType: '-deferred-', PDB: '', fileVersion: 10.0.26100.4202
C:\WINDOWS\SYSTEM32\gpapi.dll:gpapi.dll (00007FFAE0050000), size: 151552 (result: 0), SymType: '-deferred-', PDB: '', fileVersion: 10.0.26100.8972
C:\Windows\System32\cryptnet.dll:cryptnet.dll (00007FFABF930000), size: 241664 (result: 0), SymType: '-deferred-', PDB: '', fileVersion: 10.0.26100.8972
C:\WINDOWS\SYSTEM32\WINNSI.DLL:WINNSI.DLL (00007FFADDA50000), size: 57344 (result: 0), SymType: '-deferred-', PDB: '', fileVersion: 10.0.26100.8875
C:\WINDOWS\System32\NSI.dll:NSI.dll (00007FFAE2120000), size: 40960 (result: 0), SymType: '-deferred-', PDB: '', fileVersion: 10.0.26100.8875
C:\WINDOWS\system32\IconCodecService.dll:IconCodecService.dll (00007FFAA3110000), size: 45056 (result: 0), SymType: '-deferred-', PDB: '', fileVersion: 10.0.26100.1
C:\WINDOWS\SYSTEM32\WindowsCodecs.dll:WindowsCodecs.dll (00007FFADBDE0000), size: 2281472 (result: 0), SymType: '-deferred-', PDB: '', fileVersion: 10.0.26100.9168
C:\WINDOWS\System32\clbcatq.dll:clbcatq.dll (00007FFAE2130000), size: 712704 (result: 0), SymType: '-deferred-', PDB: '', fileVersion: 2001.12.10941.16384
C:\WINDOWS\System32\netprofm.dll:netprofm.dll (00007FFADA870000), size: 446464 (result: 0), SymType: '-deferred-', PDB: '', fileVersion: 10.0.26100.8972
C:\WINDOWS\System32\npmproxy.dll:npmproxy.dll (00007FFAD3830000), size: 102400 (result: 0), SymType: '-deferred-', PDB: '', fileVersion: 10.0.26100.8328
C:\WINDOWS\SYSTEM32\dbghelp.dll:dbghelp.dll (00007FFADE380000), size: 2367488 (result: 0), SymType: '-deferred-', PDB: '', fileVersion: 10.0.26100.8328

========== OUTPUTTING STACK TRACE ==================

0x00007FFAE13C187A (KERNELBASE) RaiseException
0x00007FF74E163D10 (Unity) EditorMonoConsole::LogToConsoleImplementation
0x00007FF74E1646FC (Unity) EditorMonoConsole::LogToConsoleImplementation
0x00007FF74EDF8ADF (Unity) DebugStringToFilePostprocessedStacktrace
0x00007FF74EDF823A (Unity) DebugStringToFile
0x00007FF74E2D03A7 (Unity) HandleProjectAlreadyOpenInAnotherInstance
0x00007FF74E2D2948 (Unity) Application::InitializeProject
0x00007FF74E74FEE5 (Unity) WinMain
0x00007FF74FB134BE (Unity) __scrt_common_main_seh
0x00007FFAE2ADCCB7 (KERNEL32) BaseThreadInitThunk
0x00007FFAE3BCAD6C (ntdll) RtlUserThreadStart

========== END OF STACKTRACE ===========

A crash has been intercepted by the crash handler. For call stack and other details, see the latest crash report generated in:
 * C:/Users/PC/AppData/Local/Temp/Unity/Editor/Crashes
